../Drivers/STM32U5xx_HAL_Driver/Inc/stm32u5xx_ll_bus.h:727:22:void LL_AHB2_GRP1_EnableClock(uint32_t)	24	static
../Drivers/STM32U5xx_HAL_Driver/Inc/stm32u5xx_ll_bus.h:1693:22:void LL_APB1_GRP2_EnableClock(uint32_t)	24	static
../Core/Src/main.cpp:101:5:int main()	16	static
../Core/Src/main.cpp:299:6:void SystemClock_Config()	128	static
../Core/Src/main.cpp:357:13:void SystemPower_Config()	8	static
../Core/Src/main.cpp:375:13:void MX_ADC1_Init()	8	static
../Core/Src/main.cpp:419:13:void MX_CRC_Init()	8	static
../Core/Src/main.cpp:450:13:void MX_DMA2D_Init()	8	static
../Core/Src/main.cpp:491:13:void MX_ICACHE_Init()	32	static
../Core/Src/main.cpp:530:13:void MX_TIM3_Init()	40	static
../Core/Src/main.cpp:575:13:void MX_TIM16_Init()	8	static
../Core/Src/main.cpp:607:13:void MX_UCPD1_Init()	32	static
../Core/Src/main.cpp:649:13:void MX_USART1_UART_Init()	8	static
../Core/Src/main.cpp:697:13:void MX_USB_OTG_FS_PCD_Init()	8	static
../Core/Src/main.cpp:727:13:void MX_FMC_Init()	40	static
../Core/Src/main.cpp:788:13:void MX_GPIO_Init()	56	static
../Core/Src/main.cpp:874:6:void signalVSync_caller()	8	static
../Core/Src/main.cpp:890:6:void HAL_TIM_PeriodElapsedCallback(TIM_HandleTypeDef*)	16	static
../Core/Src/main.cpp:910:6:void Error_Handler()	4	static,ignoring_inline_asm
