../Drivers/STM32U5xx_HAL_Driver/Inc/stm32u5xx_ll_bus.h:727:22:void LL_AHB2_GRP1_EnableClock(uint32_t)	24	static
../Drivers/STM32U5xx_HAL_Driver/Inc/stm32u5xx_ll_bus.h:1693:22:void LL_APB1_GRP2_EnableClock(uint32_t)	24	static
../Core/Src/main.cpp:96:5:int main()	16	static
../Core/Src/main.cpp:294:6:void SystemClock_Config()	128	static
../Core/Src/main.cpp:352:13:void SystemPower_Config()	8	static
../Core/Src/main.cpp:370:13:void MX_ADC1_Init()	8	static
../Core/Src/main.cpp:414:13:void MX_CRC_Init()	8	static
../Core/Src/main.cpp:445:13:void MX_DMA2D_Init()	8	static
../Core/Src/main.cpp:486:13:void MX_ICACHE_Init()	32	static
../Core/Src/main.cpp:525:13:void MX_UCPD1_Init()	32	static
../Core/Src/main.cpp:567:13:void MX_USART1_UART_Init()	8	static
../Core/Src/main.cpp:615:13:void MX_USB_OTG_FS_PCD_Init()	8	static
../Core/Src/main.cpp:645:13:void MX_FMC_Init()	40	static
../Core/Src/main.cpp:706:13:void MX_GPIO_Init()	56	static
../Core/Src/main.cpp:795:6:void signalVSync_caller()	8	static
../Core/Src/main.cpp:811:6:void HAL_TIM_PeriodElapsedCallback(TIM_HandleTypeDef*)	16	static
../Core/Src/main.cpp:828:6:void Error_Handler()	4	static,ignoring_inline_asm
