../Core/Src/stm32u5xx_it.c:73:6:NMI_Handler	4	static
../Core/Src/stm32u5xx_it.c:88:6:HardFault_Handler	4	static
../Core/Src/stm32u5xx_it.c:103:6:MemManage_Handler	4	static
../Core/Src/stm32u5xx_it.c:118:6:BusFault_Handler	4	static
../Core/Src/stm32u5xx_it.c:133:6:UsageFault_Handler	4	static
../Core/Src/stm32u5xx_it.c:148:6:DebugMon_Handler	4	static
../Core/Src/stm32u5xx_it.c:168:6:EXTI8_IRQHandler	8	static
../Core/Src/stm32u5xx_it.c:183:6:EXTI13_IRQHandler	8	static
../Core/Src/stm32u5xx_it.c:197:6:TIM1_UP_IRQHandler	8	static
../Core/Src/stm32u5xx_it.c:211:6:OTG_FS_IRQHandler	8	static
