../Core/Src/stm32u5xx_hal_msp.c:63:6:HAL_MspInit	16	static
../Core/Src/stm32u5xx_hal_msp.c:86:6:HAL_ADC_MspInit	248	static
../Core/Src/stm32u5xx_hal_msp.c:130:6:HAL_ADC_MspDeInit	16	static
../Core/Src/stm32u5xx_hal_msp.c:158:6:HAL_CRC_MspInit	24	static
../Core/Src/stm32u5xx_hal_msp.c:180:6:HAL_CRC_MspDeInit	16	static
../Core/Src/stm32u5xx_hal_msp.c:202:6:HAL_DMA2D_MspInit	24	static
../Core/Src/stm32u5xx_hal_msp.c:224:6:HAL_DMA2D_MspDeInit	16	static
../Core/Src/stm32u5xx_hal_msp.c:246:6:HAL_TIM_Base_MspInit	24	static
../Core/Src/stm32u5xx_hal_msp.c:285:6:HAL_TIM_Base_MspDeInit	16	static
../Core/Src/stm32u5xx_hal_msp.c:324:6:HAL_UART_MspInit	248	static
../Core/Src/stm32u5xx_hal_msp.c:371:6:HAL_UART_MspDeInit	16	static
../Core/Src/stm32u5xx_hal_msp.c:400:6:HAL_PCD_MspInit	256	static
../Core/Src/stm32u5xx_hal_msp.c:461:6:HAL_PCD_MspDeInit	16	static
../Core/Src/stm32u5xx_hal_msp.c:488:13:HAL_FMC_MspInit	32	static
../Core/Src/stm32u5xx_hal_msp.c:546:6:HAL_SRAM_MspInit	16	static
../Core/Src/stm32u5xx_hal_msp.c:558:13:HAL_FMC_MspDeInit	8	static
../Core/Src/stm32u5xx_hal_msp.c:604:6:HAL_SRAM_MspDeInit	16	static
