../Core/Src/stm32u5xx_it.c:75:6:NMI_Handler	4	static
../Core/Src/stm32u5xx_it.c:90:6:HardFault_Handler	4	static
../Core/Src/stm32u5xx_it.c:105:6:MemManage_Handler	4	static
../Core/Src/stm32u5xx_it.c:120:6:BusFault_Handler	4	static
../Core/Src/stm32u5xx_it.c:135:6:UsageFault_Handler	4	static
../Core/Src/stm32u5xx_it.c:150:6:DebugMon_Handler	4	static
../Core/Src/stm32u5xx_it.c:170:6:EXTI8_IRQHandler	8	static
../Core/Src/stm32u5xx_it.c:185:6:EXTI13_IRQHandler	8	static
../Core/Src/stm32u5xx_it.c:199:6:TIM1_UP_IRQHandler	8	static
../Core/Src/stm32u5xx_it.c:213:6:TIM3_IRQHandler	8	static
../Core/Src/stm32u5xx_it.c:228:6:TIM16_IRQHandler	8	static
../Core/Src/stm32u5xx_it.c:242:6:OTG_FS_IRQHandler	8	static
